39 / 220 = 0
438 * 356 = 155928
366 + 286 = 652
113 + 354 = 467
143 * 282 = 40326
422 + 446 = 868
498 - 181 = 317
392 - 156 = 236
458 - 324 = 134
241 / 226 = 2
447 + 91 = 538
88 * 408 = 35904
112 - 118 = 0
368 / 34 = 11
224 * 388 = 86912
85 - 213 = 0
79! = 8.94618e+116
405 + 280 = 685
389! = 1.#INF
177! = 1.#INF
115 / 137 = 0
103! = 9.9029e+163
338 / 357 = 0
273 / 98 = 3
184 + 204 = 388
443 + 248 = 691
372 / 5 = 75
153! = 2.00634e+269
240! = 1.#INF
438 + 24 = 462
34 + 394 = 428
75 - 484 = 0
125! = 1.88268e+209
331 - 168 = 163
250! = 1.#INF
228 / 201 = 2
423 - 275 = 148
63 - 66 = 0
120 + 248 = 368
121 / 335 = 0
25 - 78 = 0
32 * 459 = 14688
31 - 135 = 0
436 + 168 = 604
315 - 143 = 172
28! = 3.04888e+029
269! = 1.#INF
22 - 308 = 0
227 + 264 = 491
63 + 48 = 111
248 / 329 = 0
184 / 260 = 0
392 - 495 = 0
134 - 73 = 61
255! = 1.#INF
475 * 322 = 152950
411 / 453 = 0
157 + 412 = 569
437 / 220 = 2
256 + 448 = 704
355 + 494 = 849
342 * 205 = 70110
317 - 57 = 260
428 - 215 = 213
84! = 3.31424e+126
347! = 1.#INF
166 + 38 = 204
453 + 376 = 829
87 * 351 = 30537
234 * 456 = 106704
469 + 98 = 567
142 * 441 = 62622
244 - 282 = 0
123 * 148 = 18204
392 * 24 = 9408
196 - 66 = 130
176 * 380 = 66880
234 * 54 = 12636
483 - 163 = 320
245 + 457 = 702
92! = 1.24384e+142
314! = 1.#INF
66 * 19 = 1254
284! = 1.#INF
209 - 406 = 0
498 * 335 = 166830
121 + 26 = 147
253 + 373 = 626
467 * 62 = 28954
490 + 360 = 850
76! = 1.88549e+111
427 * 194 = 82838
416 * 90 = 37440
161 - 82 = 79
312 / 480 = 0
355 / 459 = 0
137 / 204 = 0
144 / 224 = 0
304! = 1.#INF
191 * 476 = 90916
79! = 8.94618e+116
385! = 1.#INF
36! = 3.71993e+041
283 * 299 = 84617
2 - 116 = 0
18 / 233 = 0
33 / 466 = 0
227 / 454 = 0
479! = 1.#INF
268! = 1.#INF
73 * 253 = 18469
362! = 1.#INF
307 / 411 = 0
208 / 113 = 2
127 * 336 = 42672
406 + 365 = 771
427 - 64 = 363
111 + 302 = 413
438 + 403 = 841
72 / 202 = 0
193! = 1.#INF
220 / 181 = 2
499! = 1.#INF
237 - 78 = 159
204 - 371 = 0
450 * 223 = 100350
315 - 82 = 233
180 - 212 = 0
488! = 1.#INF
196 - 188 = 8
114! = 2.54356e+186
467! = 1.#INF
444 - 388 = 56
93 / 17 = 6
292 * 315 = 91980
109! = 1.44386e+176
404 - 342 = 62
192 * 452 = 86784
412 / 292 = 2
314! = 1.#INF
37! = 1.37638e+043
68 * 101 = 6868
155 + 206 = 361
485 - 142 = 343
379! = 1.#INF
103 - 461 = 0
43 + 92 = 135
401! = 1.#INF
274 + 396 = 670
48! = 1.24139e+061
309 * 26 = 8034
362 - 19 = 343
420 * 446 = 187320
361! = 1.#INF
212 * 100 = 21200
182 * 65 = 11830
134 + 271 = 405
267 - 71 = 196
30 - 328 = 0
304 / 227 = 2
288! = 1.#INF
285 + 398 = 683
334! = 1.#INF
155 + 299 = 454
326 - 207 = 119
434 * 115 = 49910
47 + 298 = 345
223! = 1.#INF
465 * 418 = 194370
6 - 174 = 0
312 * 32 = 9984
360 * 308 = 110880
298 + 164 = 462
3! = 6
253 / 295 = 0
463 + 414 = 877
105 * 400 = 42000
208! = 1.#INF
414 - 26 = 388
241 - 102 = 139
41 - 103 = 0
315 * 157 = 49455
282 - 131 = 151
330! = 1.#INF
190! = 1.#INF
278! = 1.#INF
473 - 327 = 146
74 * 489 = 36186
151 / 160 = 0
58 * 322 = 18676
301! = 1.#INF
22 / 10 = 3
405 / 6 = 68
8! = 40320
194 * 489 = 94866
289 - 182 = 107
164! = 3.28722e+293
108 + 71 = 179
16 * 258 = 4128
161 - 385 = 0
